../Core/Src/main.c:106:6:HAL_UART_RxCpltCallback	24	static
../Core/Src/main.c:147:6:HAL_ADC_ConvCpltCallback	24	static
../Core/Src/main.c:163:6:HAL_TIM_PWM_PulseFinishedCallback	16	static
../Core/Src/main.c:188:6:transmit_pack	24	static
../Core/Src/main.c:207:5:main	16	static
../Core/Src/main.c:270:6:SystemClock_Config	88	static
../Core/Src/main.c:317:13:MX_ADC1_Init	24	static
../Core/Src/main.c:369:13:MX_RTC_Init	8	static
../Core/Src/main.c:404:13:MX_TIM1_Init	80	static
../Core/Src/main.c:473:13:MX_TIM3_Init	32	static
../Core/Src/main.c:518:13:MX_USART1_UART_Init	8	static
../Core/Src/main.c:551:13:MX_GPIO_Init	40	static
../Core/Src/main.c:580:6:Error_Handler	4	static,ignoring_inline_asm
